| fixture.nix:9:21:9:26 | VariableExpression | `pytest` is already listed in `propagatedBuildInputs` and need not be repeated in `checkInputs`. |
| fixture.nix:17:27:17:32 | VariableExpression | `pytest` is already listed in `propagatedBuildInputs` and need not be repeated in `nativeCheckInputs`. |
| fixture.nix:40:21:40:26 | VariableExpression | `pytest` is already listed in `propagatedBuildInputs` and need not be repeated in `checkInputs`. |
