| fixture.nix:8:32:8:38 | VariableExpression | Interpolation in a shell-context attribute is not passed through `lib.escapeShellArg`. |
| fixture.nix:20:34:20:36 | VariableExpression | Interpolation in a shell-context attribute is not passed through `lib.escapeShellArg`. |
| fixture.nix:27:18:27:51 | BinaryExpression | Interpolation in a shell-context attribute is not passed through `lib.escapeShellArg`. |
| fixture.nix:34:24:34:28 | VariableExpression | Interpolation in a shell-context attribute is not passed through `lib.escapeShellArg`. |
| fixture.nix:76:34:76:38 | VariableExpression | Interpolation in a shell-context attribute is not passed through `lib.escapeShellArg`. |
