| fixture.nix:6:20:6:34 | StringExpression | String literal `-DFOO=bar baz` inside `cmakeFlags` contains embedded whitespace; the build wrapper word-splits this into multiple argv entries. |
| fixture.nix:11:20:11:52 | StringExpression | String literal `-Dprefix=/usr -Dlibdir=/usr/lib` inside `mesonFlags` contains embedded whitespace; the build wrapper word-splits this into multiple argv entries. |
| fixture.nix:16:24:16:50 | StringExpression | String literal `--with-foo=bar --with-baz` inside `configureFlags` contains embedded whitespace; the build wrapper word-splits this into multiple argv entries. |
